Mark@Mark MINGW64 ~/Desktop
$ ssh-keygen -t rsa -C "528414865@qq.com"
Generating public/private rsa key pair.
Enter file in which to save the key (/c/Users/52841/.ssh/id_rsa):
Created directory '/c/Users/52841/.ssh'.
Enter passphrase (empty for no passphrase):
Enter same passphrase again:
Your identification has been saved in /c/Users/52841/.ssh/id_rsa
Your public key has been saved in /c/Users/52841/.ssh/id_rsa.pub
The key fingerprint is:
SHA256:ij/foooMycqwCnstsz8zlvSZgnMAqf9GqeaoAi8B6CU 528414865@qq.com
The key's randomart image is:
+---[RSA 3072]----+
|                 |
|                 |
|..               |
|=E .             |
|+.o  .  S        |
|=o. +. .         |
|*= B.o.o         |
|B*@.@.= ..       |
|@*=@+*o+...      |
+----[SHA256]-----+

Mark@Mark MINGW64 ~/Desktop
$ eval $(ssh-agent -s)
Agent pid 1196

Mark@Mark MINGW64 ~/Desktop
$ ssh-add /c/Users/52841/.ssh/id_rsa
Identity added: /c/Users/52841/.ssh/id_rsa (528414865@qq.com)

Mark@Mark MINGW64 ~/Desktop
$ ssh -T git@github.com
kex_exchange_identification: Connection closed by remote host

Mark@Mark MINGW64 ~/Desktop
$ ssh -T git@github.com
kex_exchange_identification: Connection closed by remote host

Mark@Mark MINGW64 ~/Desktop
$ systemctl  restart  sshd
bash: systemctl: command not found

Mark@Mark MINGW64 ~/Desktop
$ ssh -T git@github.com
The authenticity of host 'github.com (20.205.243.166)' can't be established.
ECDSA key fingerprint is SHA256:p2QAMXNIC1TJYWeIOttrVc98/R1BUFWu3/LiyKgUfQM.
Are you sure you want to continue connecting (yes/no/[fingerprint])? yes
Warning: Permanently added 'github.com,20.205.243.166' (ECDSA) to the list of known hosts.
Hi Markmwl! You've successfully authenticated, but GitHub does not provide shell access.

Mark@Mark MINGW64 ~/Desktop
$

